2026-03-20 18:41:12,635 - INFO - Бот запущен!
2026-03-20 18:41:12,635 - INFO - Start polling
2026-03-20 18:41:12,865 - INFO - Run polling for bot @wb_calculate_bot id=8655038926 - 'WbCalculateAM'
2026-03-20 18:41:16,676 - INFO - Update id=537746825 is handled. Duration 235 ms by bot id=8655038926
2026-03-20 18:41:18,839 - INFO - Update id=537746826 is handled. Duration 92 ms by bot id=8655038926
2026-03-20 18:41:20,111 - INFO - Update id=537746827 is handled. Duration 94 ms by bot id=8655038926
2026-03-20 18:41:24,875 - INFO - 📡 Запрос тарифов для: Платье
2026-03-20 18:41:27,557 - INFO - ✅ Успешно! Найдено 0 совпадений из 7371 категорий
2026-03-20 18:41:27,655 - INFO - Update id=537746828 is handled. Duration 2780 ms by bot id=8655038926
2026-03-20 18:42:29,754 - INFO - 📡 Запрос тарифов для: Брюки
2026-03-20 18:42:31,116 - INFO - ✅ Успешно! Найдено 0 совпадений из 7371 категорий
2026-03-20 18:42:31,223 - INFO - Update id=537746829 is handled. Duration 1467 ms by bot id=8655038926
2026-03-20 18:44:09,783 - INFO - Polling stopped
2026-03-20 18:44:09,784 - ERROR - Failed to fetch updates - TelegramNetworkError: HTTP Client says - ServerDisconnectedError: Server disconnected
2026-03-20 18:44:09,784 - WARNING - Sleep for 1.000000 seconds and try again... (tryings = 0, bot id = 8655038926)
2026-03-20 18:44:10,041 - INFO - Polling stopped for bot @wb_calculate_bot id=8655038926 - 'WbCalculateAM'
2026-03-20 18:44:16,741 - INFO - Бот запущен!
2026-03-20 18:44:16,742 - INFO - Start polling
2026-03-20 18:44:16,975 - INFO - Run polling for bot @wb_calculate_bot id=8655038926 - 'WbCalculateAM'
2026-03-20 18:44:26,638 - INFO - Update id=537746830 is handled. Duration 234 ms by bot id=8655038926
2026-03-20 18:44:28,153 - INFO - Update id=537746831 is handled. Duration 94 ms by bot id=8655038926
2026-03-20 18:44:29,368 - INFO - Update id=537746832 is handled. Duration 110 ms by bot id=8655038926
2026-03-20 18:44:31,227 - INFO - 📡 Запрос API WB. Поиск: Брюки
2026-03-20 18:44:32,778 - INFO - 🧬 Пример категории из базы: 'Unknown'
2026-03-20 18:44:32,781 - INFO - ✅ Найдено совпадений: 0 по запросу 'брюк'
2026-03-20 18:44:32,891 - INFO - Update id=537746833 is handled. Duration 1655 ms by bot id=8655038926
2026-03-20 18:46:20,974 - INFO - Polling stopped
2026-03-20 18:46:20,976 - ERROR - Failed to fetch updates - TelegramNetworkError: HTTP Client says - ServerDisconnectedError: Server disconnected
2026-03-20 18:46:20,977 - WARNING - Sleep for 1.000000 seconds and try again... (tryings = 0, bot id = 8655038926)
2026-03-20 18:46:21,242 - INFO - Polling stopped for bot @wb_calculate_bot id=8655038926 - 'WbCalculateAM'
